<?xml version="1.0" encoding="UTF-8"?>
<testsuites name="jest tests" tests="1" failures="0" errors="0" time="1.771">
  <testsuite name="footer" errors="0" failures="0" skipped="0" timestamp="2021-11-16T22:06:57" time="0.69" tests="1">
    <testcase classname="footer renders correctly" name="footer renders correctly" time="0.03">
    </testcase>
  </testsuite>
</testsuites>